------------------------------------------------------------
TimeQuest Timing Analyzer Summary
------------------------------------------------------------

Type  : Slow 1100mV 85C Model Setup 'clk'
Slack : 1.578
TNS   : 0.000

Type  : Slow 1100mV 85C Model Setup 'core_clk_125m_local_i'
Slack : 5.557
TNS   : 0.000

Type  : Slow 1100mV 85C Model Setup 'sys_inst|sys_pll5_inst|altera_pll_i|general[0].gpll~PLL_OUTPUT_COUNTER|divclk'
Slack : 8.363
TNS   : 0.000

Type  : Slow 1100mV 85C Model Hold 'clk'
Slack : 0.276
TNS   : 0.000

Type  : Slow 1100mV 85C Model Hold 'core_clk_125m_local_i'
Slack : 0.277
TNS   : 0.000

Type  : Slow 1100mV 85C Model Hold 'sys_inst|sys_pll5_inst|altera_pll_i|general[0].gpll~PLL_OUTPUT_COUNTER|divclk'
Slack : 0.342
TNS   : 0.000

Type  : Slow 1100mV 85C Model Recovery 'sys_inst|sys_pll5_inst|altera_pll_i|general[0].gpll~PLL_OUTPUT_COUNTER|divclk'
Slack : 5.803
TNS   : 0.000

Type  : Slow 1100mV 85C Model Removal 'sys_inst|sys_pll5_inst|altera_pll_i|general[0].gpll~PLL_OUTPUT_COUNTER|divclk'
Slack : 0.764
TNS   : 0.000

Type  : Slow 1100mV 85C Model Minimum Pulse Width 'sys_inst|sys_pll5_inst|altera_pll_i|general[0].gpll~FRACTIONAL_PLL|vcoph[0]'
Slack : 1.600
TNS   : 0.000

Type  : Slow 1100mV 85C Model Minimum Pulse Width 'clk'
Slack : 1.861
TNS   : 0.000

Type  : Slow 1100mV 85C Model Minimum Pulse Width 'core_clk_125m_local_i'
Slack : 3.259
TNS   : 0.000

Type  : Slow 1100mV 85C Model Minimum Pulse Width 'sys_inst|sys_pll5_inst|altera_pll_i|general[0].gpll~PLL_OUTPUT_COUNTER|divclk'
Slack : 6.875
TNS   : 0.000

Type  : Slow 1100mV 0C Model Setup 'clk'
Slack : 1.634
TNS   : 0.000

Type  : Slow 1100mV 0C Model Setup 'core_clk_125m_local_i'
Slack : 5.530
TNS   : 0.000

Type  : Slow 1100mV 0C Model Setup 'sys_inst|sys_pll5_inst|altera_pll_i|general[0].gpll~PLL_OUTPUT_COUNTER|divclk'
Slack : 8.843
TNS   : 0.000

Type  : Slow 1100mV 0C Model Hold 'clk'
Slack : 0.257
TNS   : 0.000

Type  : Slow 1100mV 0C Model Hold 'core_clk_125m_local_i'
Slack : 0.258
TNS   : 0.000

Type  : Slow 1100mV 0C Model Hold 'sys_inst|sys_pll5_inst|altera_pll_i|general[0].gpll~PLL_OUTPUT_COUNTER|divclk'
Slack : 0.323
TNS   : 0.000

Type  : Slow 1100mV 0C Model Recovery 'sys_inst|sys_pll5_inst|altera_pll_i|general[0].gpll~PLL_OUTPUT_COUNTER|divclk'
Slack : 5.992
TNS   : 0.000

Type  : Slow 1100mV 0C Model Removal 'sys_inst|sys_pll5_inst|altera_pll_i|general[0].gpll~PLL_OUTPUT_COUNTER|divclk'
Slack : 0.676
TNS   : 0.000

Type  : Slow 1100mV 0C Model Minimum Pulse Width 'sys_inst|sys_pll5_inst|altera_pll_i|general[0].gpll~FRACTIONAL_PLL|vcoph[0]'
Slack : 1.600
TNS   : 0.000

Type  : Slow 1100mV 0C Model Minimum Pulse Width 'clk'
Slack : 1.792
TNS   : 0.000

Type  : Slow 1100mV 0C Model Minimum Pulse Width 'core_clk_125m_local_i'
Slack : 3.207
TNS   : 0.000

Type  : Slow 1100mV 0C Model Minimum Pulse Width 'sys_inst|sys_pll5_inst|altera_pll_i|general[0].gpll~PLL_OUTPUT_COUNTER|divclk'
Slack : 6.855
TNS   : 0.000

Type  : Fast 1100mV 85C Model Setup 'clk'
Slack : 3.025
TNS   : 0.000

Type  : Fast 1100mV 85C Model Setup 'core_clk_125m_local_i'
Slack : 6.738
TNS   : 0.000

Type  : Fast 1100mV 85C Model Setup 'sys_inst|sys_pll5_inst|altera_pll_i|general[0].gpll~PLL_OUTPUT_COUNTER|divclk'
Slack : 10.506
TNS   : 0.000

Type  : Fast 1100mV 85C Model Hold 'clk'
Slack : 0.162
TNS   : 0.000

Type  : Fast 1100mV 85C Model Hold 'core_clk_125m_local_i'
Slack : 0.163
TNS   : 0.000

Type  : Fast 1100mV 85C Model Hold 'sys_inst|sys_pll5_inst|altera_pll_i|general[0].gpll~PLL_OUTPUT_COUNTER|divclk'
Slack : 0.190
TNS   : 0.000

Type  : Fast 1100mV 85C Model Recovery 'sys_inst|sys_pll5_inst|altera_pll_i|general[0].gpll~PLL_OUTPUT_COUNTER|divclk'
Slack : 6.386
TNS   : 0.000

Type  : Fast 1100mV 85C Model Removal 'sys_inst|sys_pll5_inst|altera_pll_i|general[0].gpll~PLL_OUTPUT_COUNTER|divclk'
Slack : 0.536
TNS   : 0.000

Type  : Fast 1100mV 85C Model Minimum Pulse Width 'sys_inst|sys_pll5_inst|altera_pll_i|general[0].gpll~FRACTIONAL_PLL|vcoph[0]'
Slack : 1.600
TNS   : 0.000

Type  : Fast 1100mV 85C Model Minimum Pulse Width 'clk'
Slack : 1.883
TNS   : 0.000

Type  : Fast 1100mV 85C Model Minimum Pulse Width 'core_clk_125m_local_i'
Slack : 3.554
TNS   : 0.000

Type  : Fast 1100mV 85C Model Minimum Pulse Width 'sys_inst|sys_pll5_inst|altera_pll_i|general[0].gpll~PLL_OUTPUT_COUNTER|divclk'
Slack : 7.084
TNS   : 0.000

Type  : Fast 1100mV 0C Model Setup 'clk'
Slack : 3.189
TNS   : 0.000

Type  : Fast 1100mV 0C Model Setup 'core_clk_125m_local_i'
Slack : 6.786
TNS   : 0.000

Type  : Fast 1100mV 0C Model Setup 'sys_inst|sys_pll5_inst|altera_pll_i|general[0].gpll~PLL_OUTPUT_COUNTER|divclk'
Slack : 11.249
TNS   : 0.000

Type  : Fast 1100mV 0C Model Hold 'clk'
Slack : 0.149
TNS   : 0.000

Type  : Fast 1100mV 0C Model Hold 'core_clk_125m_local_i'
Slack : 0.150
TNS   : 0.000

Type  : Fast 1100mV 0C Model Hold 'sys_inst|sys_pll5_inst|altera_pll_i|general[0].gpll~PLL_OUTPUT_COUNTER|divclk'
Slack : 0.181
TNS   : 0.000

Type  : Fast 1100mV 0C Model Recovery 'sys_inst|sys_pll5_inst|altera_pll_i|general[0].gpll~PLL_OUTPUT_COUNTER|divclk'
Slack : 6.659
TNS   : 0.000

Type  : Fast 1100mV 0C Model Removal 'sys_inst|sys_pll5_inst|altera_pll_i|general[0].gpll~PLL_OUTPUT_COUNTER|divclk'
Slack : 0.423
TNS   : 0.000

Type  : Fast 1100mV 0C Model Minimum Pulse Width 'sys_inst|sys_pll5_inst|altera_pll_i|general[0].gpll~FRACTIONAL_PLL|vcoph[0]'
Slack : 1.600
TNS   : 0.000

Type  : Fast 1100mV 0C Model Minimum Pulse Width 'clk'
Slack : 1.895
TNS   : 0.000

Type  : Fast 1100mV 0C Model Minimum Pulse Width 'core_clk_125m_local_i'
Slack : 3.554
TNS   : 0.000

Type  : Fast 1100mV 0C Model Minimum Pulse Width 'sys_inst|sys_pll5_inst|altera_pll_i|general[0].gpll~PLL_OUTPUT_COUNTER|divclk'
Slack : 7.084
TNS   : 0.000

------------------------------------------------------------
